Archive member included to satisfy reference by file (symbol)

c:/st/stm32cubeide_1.10.0/stm32cubeide/plugins/com.st.stm32cube.ide.mcu.externaltools.gnu-tools-for-stm32.10.3-2021.10.win32_1.0.0.202111181127/tools/bin/../lib/gcc/arm-none-eabi/10.3.1/../../../../arm-none-eabi/lib/thumb/v6-m/nofp\libc_nano.a(lib_a-errno.o)
                              ./Core/Src/syscalls.o (__errno)
c:/st/stm32cubeide_1.10.0/stm32cubeide/plugins/com.st.stm32cube.ide.mcu.externaltools.gnu-tools-for-stm32.10.3-2021.10.win32_1.0.0.202111181127/tools/bin/../lib/gcc/arm-none-eabi/10.3.1/../../../../arm-none-eabi/lib/thumb/v6-m/nofp\libc_nano.a(lib_a-exit.o)
                              c:/st/stm32cubeide_1.10.0/stm32cubeide/plugins/com.st.stm32cube.ide.mcu.externaltools.gnu-tools-for-stm32.10.3-2021.10.win32_1.0.0.202111181127/tools/bin/../lib/gcc/arm-none-eabi/10.3.1/../../../../arm-none-eabi/lib/thumb/v6-m/nofp/crt0.o (exit)
c:/st/stm32cubeide_1.10.0/stm32cubeide/plugins/com.st.stm32cube.ide.mcu.externaltools.gnu-tools-for-stm32.10.3-2021.10.win32_1.0.0.202111181127/tools/bin/../lib/gcc/arm-none-eabi/10.3.1/../../../../arm-none-eabi/lib/thumb/v6-m/nofp\libc_nano.a(lib_a-impure.o)
                              c:/st/stm32cubeide_1.10.0/stm32cubeide/plugins/com.st.stm32cube.ide.mcu.externaltools.gnu-tools-for-stm32.10.3-2021.10.win32_1.0.0.202111181127/tools/bin/../lib/gcc/arm-none-eabi/10.3.1/../../../../arm-none-eabi/lib/thumb/v6-m/nofp\libc_nano.a(lib_a-exit.o) (_global_impure_ptr)
c:/st/stm32cubeide_1.10.0/stm32cubeide/plugins/com.st.stm32cube.ide.mcu.externaltools.gnu-tools-for-stm32.10.3-2021.10.win32_1.0.0.202111181127/tools/bin/../lib/gcc/arm-none-eabi/10.3.1/../../../../arm-none-eabi/lib/thumb/v6-m/nofp\libc_nano.a(lib_a-init.o)
                              c:/st/stm32cubeide_1.10.0/stm32cubeide/plugins/com.st.stm32cube.ide.mcu.externaltools.gnu-tools-for-stm32.10.3-2021.10.win32_1.0.0.202111181127/tools/bin/../lib/gcc/arm-none-eabi/10.3.1/../../../../arm-none-eabi/lib/thumb/v6-m/nofp/crt0.o (__libc_init_array)
c:/st/stm32cubeide_1.10.0/stm32cubeide/plugins/com.st.stm32cube.ide.mcu.externaltools.gnu-tools-for-stm32.10.3-2021.10.win32_1.0.0.202111181127/tools/bin/../lib/gcc/arm-none-eabi/10.3.1/../../../../arm-none-eabi/lib/thumb/v6-m/nofp\libc_nano.a(lib_a-memcpy-stub.o)
                              ./ThirdParty/FreeRTOS/queue.o (memcpy)
c:/st/stm32cubeide_1.10.0/stm32cubeide/plugins/com.st.stm32cube.ide.mcu.externaltools.gnu-tools-for-stm32.10.3-2021.10.win32_1.0.0.202111181127/tools/bin/../lib/gcc/arm-none-eabi/10.3.1/../../../../arm-none-eabi/lib/thumb/v6-m/nofp\libc_nano.a(lib_a-memset.o)
                              c:/st/stm32cubeide_1.10.0/stm32cubeide/plugins/com.st.stm32cube.ide.mcu.externaltools.gnu-tools-for-stm32.10.3-2021.10.win32_1.0.0.202111181127/tools/bin/../lib/gcc/arm-none-eabi/10.3.1/../../../../arm-none-eabi/lib/thumb/v6-m/nofp/crt0.o (memset)
c:/st/stm32cubeide_1.10.0/stm32cubeide/plugins/com.st.stm32cube.ide.mcu.externaltools.gnu-tools-for-stm32.10.3-2021.10.win32_1.0.0.202111181127/tools/bin/../lib/gcc/arm-none-eabi/10.3.1/thumb/v6-m/nofp\libgcc.a(_udivsi3.o)
                              ./Core/Src/stm32f0xx_hal_timebase_tim.o (__aeabi_uidiv)
c:/st/stm32cubeide_1.10.0/stm32cubeide/plugins/com.st.stm32cube.ide.mcu.externaltools.gnu-tools-for-stm32.10.3-2021.10.win32_1.0.0.202111181127/tools/bin/../lib/gcc/arm-none-eabi/10.3.1/thumb/v6-m/nofp\libgcc.a(_dvmd_tls.o)
                              c:/st/stm32cubeide_1.10.0/stm32cubeide/plugins/com.st.stm32cube.ide.mcu.externaltools.gnu-tools-for-stm32.10.3-2021.10.win32_1.0.0.202111181127/tools/bin/../lib/gcc/arm-none-eabi/10.3.1/thumb/v6-m/nofp\libgcc.a(_udivsi3.o) (__aeabi_idiv0)

Discarded input sections

 .text          0x0000000000000000        0x0 c:/st/stm32cubeide_1.10.0/stm32cubeide/plugins/com.st.stm32cube.ide.mcu.externaltools.gnu-tools-for-stm32.10.3-2021.10.win32_1.0.0.202111181127/tools/bin/../lib/gcc/arm-none-eabi/10.3.1/thumb/v6-m/nofp/crti.o
 .data          0x0000000000000000        0x0 c:/st/stm32cubeide_1.10.0/stm32cubeide/plugins/com.st.stm32cube.ide.mcu.externaltools.gnu-tools-for-stm32.10.3-2021.10.win32_1.0.0.202111181127/tools/bin/../lib/gcc/arm-none-eabi/10.3.1/thumb/v6-m/nofp/crti.o
 .bss           0x0000000000000000        0x0 c:/st/stm32cubeide_1.10.0/stm32cubeide/plugins/com.st.stm32cube.ide.mcu.externaltools.gnu-tools-for-stm32.10.3-2021.10.win32_1.0.0.202111181127/tools/bin/../lib/gcc/arm-none-eabi/10.3.1/thumb/v6-m/nofp/crti.o
 .data          0x0000000000000000        0x4 c:/st/stm32cubeide_1.10.0/stm32cubeide/plugins/com.st.stm32cube.ide.mcu.externaltools.gnu-tools-for-stm32.10.3-2021.10.win32_1.0.0.202111181127/tools/bin/../lib/gcc/arm-none-eabi/10.3.1/thumb/v6-m/nofp/crtbegin.o
[...]
Memory Configuration

Name             Origin             Length             Attributes
RAM              0x0000000020000000 0x0000000000008000 xrw
FLASH            0x0000000008000000 0x0000000000040000 xr
*default*        0x0000000000000000 0xffffffffffffffff

Linker script and memory map

LOAD c:/st/stm32cubeide_1.10.0/stm32cubeide/plugins/com.st.stm32cube.ide.mcu.externaltools.gnu-tools-for-stm32.10.3-2021.10.win32_1.0.0.202111181127/tools/bin/../lib/gcc/arm-none-eabi/10.3.1/thumb/v6-m/nofp/crti.o
LOAD c:/st/stm32cubeide_1.10.0/stm32cubeide/plugins/com.st.stm32cube.ide.mcu.externaltools.gnu-tools-for-stm32.10.3-2021.10.win32_1.0.0.202111181127/tools/bin/../lib/gcc/arm-none-eabi/10.3.1/thumb/v6-m/nofp/crtbegin.o
LOAD c:/st/stm32cubeide_1.10.0/stm32cubeide/plugins/com.st.stm32cube.ide.mcu.externaltools.gnu-tools-for-stm32.10.3-2021.10.win32_1.0.0.202111181127/tools/bin/../lib/gcc/arm-none-eabi/10.3.1/../../../../arm-none-eabi/lib/thumb/v6-m/nofp/crt0.o
LOAD ./Core/Src/gpio.o
LOAD ./Core/Src/main.o
LOAD ./Core/Src/stm32f0xx_hal_msp.o
LOAD ./Core/Src/stm32f0xx_hal_timebase_tim.o
LOAD ./Core/Src/stm32f0xx_it.o
LOAD ./Core/Src/syscalls.o
LOAD ./Core/Src/system_stm32f0xx.o
LOAD ./Core/Startup/startup_stm32f030cctx.o
LOAD ./Drivers/STM32F0xx_HAL_Driver/Src/stm32f0xx_hal.o
LOAD ./Drivers/STM32F0xx_HAL_Driver/Src/stm32f0xx_hal_cortex.o
LOAD ./Drivers/STM32F0xx_HAL_Driver/Src/stm32f0xx_hal_dma.o
LOAD ./Drivers/STM32F0xx_HAL_Driver/Src/stm32f0xx_hal_exti.o
LOAD ./Drivers/STM32F0xx_HAL_Driver/Src/stm32f0xx_hal_flash.o
LOAD ./Drivers/STM32F0xx_HAL_Driver/Src/stm32f0xx_hal_flash_ex.o
LOAD ./Drivers/STM32F0xx_HAL_Driver/Src/stm32f0xx_hal_gpio.o
LOAD ./Drivers/STM32F0xx_HAL_Driver/Src/stm32f0xx_hal_i2c.o
LOAD ./Drivers/STM32F0xx_HAL_Driver/Src/stm32f0xx_hal_i2c_ex.o
LOAD ./Drivers/STM32F0xx_HAL_Driver/Src/stm32f0xx_hal_pwr.o
LOAD ./Drivers/STM32F0xx_HAL_Driver/Src/stm32f0xx_hal_pwr_ex.o
LOAD ./Drivers/STM32F0xx_HAL_Driver/Src/stm32f0xx_hal_rcc.o
LOAD ./Drivers/STM32F0xx_HAL_Driver/Src/stm32f0xx_hal_rcc_ex.o
LOAD ./Drivers/STM32F0xx_HAL_Driver/Src/stm32f0xx_hal_tim.o
LOAD ./Drivers/STM32F0xx_HAL_Driver/Src/stm32f0xx_hal_tim_ex.o
LOAD ./ThirdParty/FreeRTOS/croutine.o
LOAD ./ThirdParty/FreeRTOS/event_groups.o
LOAD ./ThirdParty/FreeRTOS/list.o
LOAD ./ThirdParty/FreeRTOS/queue.o
LOAD ./ThirdParty/FreeRTOS/stream_buffer.o
LOAD ./ThirdParty/FreeRTOS/tasks.o
LOAD ./ThirdParty/FreeRTOS/timers.o
LOAD ./ThirdParty/FreeRTOS/portable/GCC/ARM_CM0/port.o
LOAD ./ThirdParty/FreeRTOS/portable/MemMang/heap_4.o
START GROUP
LOAD c:/st/stm32cubeide_1.10.0/stm32cubeide/plugins/com.st.stm32cube.ide.mcu.externaltools.gnu-tools-for-stm32.10.3-2021.10.win32_1.0.0.202111181127/tools/bin/../lib/gcc/arm-none-eabi/10.3.1/../../../../arm-none-eabi/lib/thumb/v6-m/nofp\libc_nano.a
LOAD c:/st/stm32cubeide_1.10.0/stm32cubeide/plugins/com.st.stm32cube.ide.mcu.externaltools.gnu-tools-for-stm32.10.3-2021.10.win32_1.0.0.202111181127/tools/bin/../lib/gcc/arm-none-eabi/10.3.1/../../../../arm-none-eabi/lib/thumb/v6-m/nofp\libm.a
END GROUP
START GROUP
LOAD c:/st/stm32cubeide_1.10.0/stm32cubeide/plugins/com.st.stm32cube.ide.mcu.externaltools.gnu-tools-for-stm32.10.3-2021.10.win32_1.0.0.202111181127/tools/bin/../lib/gcc/arm-none-eabi/10.3.1/thumb/v6-m/nofp\libgcc.a
LOAD c:/st/stm32cubeide_1.10.0/stm32cubeide/plugins/com.st.stm32cube.ide.mcu.externaltools.gnu-tools-for-stm32.10.3-2021.10.win32_1.0.0.202111181127/tools/bin/../lib/gcc/arm-none-eabi/10.3.1/../../../../arm-none-eabi/lib/thumb/v6-m/nofp\libc_nano.a
END GROUP
START GROUP
LOAD c:/st/stm32cubeide_1.10.0/stm32cubeide/plugins/com.st.stm32cube.ide.mcu.externaltools.gnu-tools-for-stm32.10.3-2021.10.win32_1.0.0.202111181127/tools/bin/../lib/gcc/arm-none-eabi/10.3.1/thumb/v6-m/nofp\libgcc.a
LOAD c:/st/stm32cubeide_1.10.0/stm32cubeide/plugins/com.st.stm32cube.ide.mcu.externaltools.gnu-tools-for-stm32.10.3-2021.10.win32_1.0.0.202111181127/tools/bin/../lib/gcc/arm-none-eabi/10.3.1/../../../../arm-none-eabi/lib/thumb/v6-m/nofp\libc_nano.a
LOAD c:/st/stm32cubeide_1.10.0/stm32cubeide/plugins/com.st.stm32cube.ide.mcu.externaltools.gnu-tools-for-stm32.10.3-2021.10.win32_1.0.0.202111181127/tools/bin/../lib/gcc/arm-none-eabi/10.3.1/../../../../arm-none-eabi/lib/thumb/v6-m/nofp\libnosys.a
END GROUP
START GROUP
LOAD c:/st/stm32cubeide_1.10.0/stm32cubeide/plugins/com.st.stm32cube.ide.mcu.externaltools.gnu-tools-for-stm32.10.3-2021.10.win32_1.0.0.202111181127/tools/bin/../lib/gcc/arm-none-eabi/10.3.1/thumb/v6-m/nofp\libgcc.a
LOAD c:/st/stm32cubeide_1.10.0/stm32cubeide/plugins/com.st.stm32cube.ide.mcu.externaltools.gnu-tools-for-stm32.10.3-2021.10.win32_1.0.0.202111181127/tools/bin/../lib/gcc/arm-none-eabi/10.3.1/../../../../arm-none-eabi/lib/thumb/v6-m/nofp\libc_nano.a
LOAD c:/st/stm32cubeide_1.10.0/stm32cubeide/plugins/com.st.stm32cube.ide.mcu.externaltools.gnu-tools-for-stm32.10.3-2021.10.win32_1.0.0.202111181127/tools/bin/../lib/gcc/arm-none-eabi/10.3.1/../../../../arm-none-eabi/lib/thumb/v6-m/nofp\libnosys.a
END GROUP
LOAD c:/st/stm32cubeide_1.10.0/stm32cubeide/plugins/com.st.stm32cube.ide.mcu.externaltools.gnu-tools-for-stm32.10.3-2021.10.win32_1.0.0.202111181127/tools/bin/../lib/gcc/arm-none-eabi/10.3.1/thumb/v6-m/nofp/crtend.o
LOAD c:/st/stm32cubeide_1.10.0/stm32cubeide/plugins/com.st.stm32cube.ide.mcu.externaltools.gnu-tools-for-stm32.10.3-2021.10.win32_1.0.0.202111181127/tools/bin/../lib/gcc/arm-none-eabi/10.3.1/thumb/v6-m/nofp/crtn.o
                0x0000000020008000                _estack = (ORIGIN (RAM) + LENGTH (RAM))
                0x0000000000000200                _Min_Heap_Size = 0x200
                0x0000000000000400                _Min_Stack_Size = 0x400

.isr_vector     0x0000000008000000       0xbc
                0x0000000008000000                . = ALIGN (0x4)
 *(.isr_vector)
 .isr_vector    0x0000000008000000       0xbc ./Core/Startup/startup_stm32f030cctx.o
                0x0000000008000000                g_pfnVectors
                0x00000000080000bc                . = ALIGN (0x4)

.text           0x00000000080000c0     0x39c0
                0x00000000080000c0                . = ALIGN (0x4)
 *(.text)
 .text          0x00000000080000c0       0x48 c:/st/stm32cubeide_1.10.0/stm32cubeide/plugins/com.st.stm32cube.ide.mcu.externaltools.gnu-tools-for-stm32.10.3-2021.10.win32_1.0.0.202111181127/tools/bin/../lib/gcc/arm-none-eabi/10.3.1/thumb/v6-m/nofp/crtbegin.o
 .text          0x0000000008000108      0x114 c:/st/stm32cubeide_1.10.0/stm32cubeide/plugins/com.st.stm32cube.ide.mcu.externaltools.gnu-tools-for-stm32.10.3-2021.10.win32_1.0.0.202111181127/tools/bin/../lib/gcc/arm-none-eabi/10.3.1/thumb/v6-m/nofp\libgcc.a(_udivsi3.o)
                0x0000000008000108                __aeabi_uidiv
                0x0000000008000108                __udivsi3
                0x0000000008000214                __aeabi_uidivmod
 .text          0x000000000800021c        0x4 c:/st/stm32cubeide_1.10.0/stm32cubeide/plugins/com.st.stm32cube.ide.mcu.externaltools.gnu-tools-for-stm32.10.3-2021.10.win32_1.0.0.202111181127/tools/bin/../lib/gcc/arm-none-eabi/10.3.1/thumb/v6-m/nofp\libgcc.a(_dvmd_tls.o)
                0x000000000800021c                __aeabi_idiv0
                0x000000000800021c                __aeabi_ldiv0
 *(.text*)
 .text.MX_GPIO_Init
                0x0000000008000220       0xb0 ./Core/Src/gpio.o
                0x0000000008000220                MX_GPIO_Init
 .text.main     0x00000000080002d0       0x58 ./Core/Src/main.o
                0x00000000080002d0                main
 .text.SystemClock_Config
                0x0000000008000328       0x96 ./Core/Src/main.o
                0x0000000008000328                SystemClock_Config
 *fill*         0x00000000080003be        0x2 
 .text.LedTask  0x00000000080003c0       0x34 ./Core/Src/main.o
                0x00000000080003c0                LedTask
 .text.HAL_TIM_PeriodElapsedCallback
                0x00000000080003f4       0x24 ./Core/Src/main.o
                0x00000000080003f4                HAL_TIM_PeriodElapsedCallback
 .text.Error_Handler
                0x0000000008000418        0xa ./Core/Src/main.o
                0x0000000008000418                Error_Handler
 *fill*         0x0000000008000422        0x2 
 .text.HAL_MspInit
                0x0000000008000424       0x48 ./Core/Src/stm32f0xx_hal_msp.o
                0x0000000008000424                HAL_MspInit
 .text.HAL_InitTick
                0x000000000800046c      0x108 ./Core/Src/stm32f0xx_hal_timebase_tim.o
                0x000000000800046c                HAL_InitTick
 .text.NMI_Handler
                0x0000000008000574        0x6 ./Core/Src/stm32f0xx_it.o
                0x0000000008000574                NMI_Handler
 .text.HardFault_Handler
                0x000000000800057a        0x6 ./Core/Src/stm32f0xx_it.o
                0x000000000800057a                HardFault_Handler
 .text.TIM7_IRQHandler
                0x0000000008000580       0x18 ./Core/Src/stm32f0xx_it.o
                0x0000000008000580                TIM7_IRQHandler
 .text.SystemInit
                0x0000000008000598        0xa ./Core/Src/system_stm32f0xx.o
                0x0000000008000598                SystemInit
 *fill*         0x00000000080005a2        0x2 
 .text.Reset_Handler
                0x00000000080005a4       0x50 ./Core/Startup/startup_stm32f030cctx.o
                0x00000000080005a4                Reset_Handler
 .text.Default_Handler
                0x00000000080005f4        0x2 ./Core/Startup/startup_stm32f030cctx.o
                0x00000000080005f4                TIM1_CC_IRQHandler
                0x00000000080005f4                TIM6_IRQHandler
                0x00000000080005f4                I2C1_IRQHandler
                0x00000000080005f4                SPI1_IRQHandler
                0x00000000080005f4                EXTI2_3_IRQHandler
                0x00000000080005f4                ADC1_IRQHandler
                0x00000000080005f4                I2C2_IRQHandler
                0x00000000080005f4                USART3_6_IRQHandler
                0x00000000080005f4                TIM17_IRQHandler
                0x00000000080005f4                RTC_IRQHandler
                0x00000000080005f4                TIM16_IRQHandler
                0x00000000080005f4                TIM3_IRQHandler
                0x00000000080005f4                EXTI4_15_IRQHandler
                0x00000000080005f4                RCC_IRQHandler
                0x00000000080005f4                DMA1_Channel1_IRQHandler
                0x00000000080005f4                Default_Handler
                0x00000000080005f4                TIM14_IRQHandler
                0x00000000080005f4                DMA1_Channel4_5_IRQHandler
                0x00000000080005f4                TIM15_IRQHandler
                0x00000000080005f4                EXTI0_1_IRQHandler
                0x00000000080005f4                SPI2_IRQHandler
                0x00000000080005f4                WWDG_IRQHandler
                0x00000000080005f4                DMA1_Channel2_3_IRQHandler
                0x00000000080005f4                USART2_IRQHandler
                0x00000000080005f4                FLASH_IRQHandler
                0x00000000080005f4                USART1_IRQHandler
                0x00000000080005f4                TIM1_BRK_UP_TRG_COM_IRQHandler
 *fill*         0x00000000080005f6        0x2 
 .text.HAL_Init
                0x00000000080005f8       0x28 ./Drivers/STM32F0xx_HAL_Driver/Src/stm32f0xx_hal.o
                0x00000000080005f8                HAL_Init
 .text.HAL_IncTick
                0x0000000008000620       0x24 ./Drivers/STM32F0xx_HAL_Driver/Src/stm32f0xx_hal.o
                0x0000000008000620                HAL_IncTick
 .text.HAL_GetTick
                0x0000000008000644       0x14 ./Drivers/STM32F0xx_HAL_Driver/Src/stm32f0xx_hal.o
                0x0000000008000644                HAL_GetTick
 .text.__NVIC_EnableIRQ
                0x0000000008000658       0x34 ./Drivers/STM32F0xx_HAL_Driver/Src/stm32f0xx_hal_cortex.o
 .text.__NVIC_SetPriority
                0x000000000800068c       0xdc ./Drivers/STM32F0xx_HAL_Driver/Src/stm32f0xx_hal_cortex.o
 .text.HAL_NVIC_SetPriority
                0x0000000008000768       0x2a ./Drivers/STM32F0xx_HAL_Driver/Src/stm32f0xx_hal_cortex.o
                0x0000000008000768                HAL_NVIC_SetPriority
 .text.HAL_NVIC_EnableIRQ
                0x0000000008000792       0x20 ./Drivers/STM32F0xx_HAL_Driver/Src/stm32f0xx_hal_cortex.o
                0x0000000008000792                HAL_NVIC_EnableIRQ
 *fill*         0x00000000080007b2        0x2 
 .text.HAL_GPIO_Init
                0x00000000080007b4      0x2e0 ./Drivers/STM32F0xx_HAL_Driver/Src/stm32f0xx_hal_gpio.o
                0x00000000080007b4                HAL_GPIO_Init
 .text.HAL_GPIO_WritePin
                0x0000000008000a94       0x3a ./Drivers/STM32F0xx_HAL_Driver/Src/stm32f0xx_hal_gpio.o
                0x0000000008000a94                HAL_GPIO_WritePin
 *fill*         0x0000000008000ace        0x2 
 .text.HAL_RCC_OscConfig
                0x0000000008000ad0      0x63c ./Drivers/STM32F0xx_HAL_Driver/Src/stm32f0xx_hal_rcc.o
                0x0000000008000ad0                HAL_RCC_OscConfig
 .text.HAL_RCC_ClockConfig
                0x000000000800110c      0x19c ./Drivers/STM32F0xx_HAL_Driver/Src/stm32f0xx_hal_rcc.o
                0x000000000800110c                HAL_RCC_ClockConfig
 .text.HAL_RCC_GetSysClockFreq
                0x00000000080012a8       0xc4 ./Drivers/STM32F0xx_HAL_Driver/Src/stm32f0xx_hal_rcc.o
                0x00000000080012a8                HAL_RCC_GetSysClockFreq
 .text.HAL_RCC_GetHCLKFreq
                0x000000000800136c       0x14 ./Drivers/STM32F0xx_HAL_Driver/Src/stm32f0xx_hal_rcc.o
                0x000000000800136c                HAL_RCC_GetHCLKFreq
 .text.HAL_RCC_GetPCLK1Freq
                0x0000000008001380       0x2c ./Drivers/STM32F0xx_HAL_Driver/Src/stm32f0xx_hal_rcc.o
                0x0000000008001380                HAL_RCC_GetPCLK1Freq
 .text.HAL_RCC_GetClockConfig
                0x00000000080013ac       0x54 ./Drivers/STM32F0xx_HAL_Driver/Src/stm32f0xx_hal_rcc.o
                0x00000000080013ac                HAL_RCC_GetClockConfig
 .text.HAL_TIM_Base_Init
                0x0000000008001400       0xa0 ./Drivers/STM32F0xx_HAL_Driver/Src/stm32f0xx_hal_tim.o
                0x0000000008001400                HAL_TIM_Base_Init
 .text.HAL_TIM_Base_MspInit
                0x00000000080014a0       0x10 ./Drivers/STM32F0xx_HAL_Driver/Src/stm32f0xx_hal_tim.o
                0x00000000080014a0                HAL_TIM_Base_MspInit
 .text.HAL_TIM_Base_Start_IT
                0x00000000080014b0       0x98 ./Drivers/STM32F0xx_HAL_Driver/Src/stm32f0xx_hal_tim.o
                0x00000000080014b0                HAL_TIM_Base_Start_IT
 .text.HAL_TIM_IRQHandler
                0x0000000008001548      0x22c ./Drivers/STM32F0xx_HAL_Driver/Src/stm32f0xx_hal_tim.o
                0x0000000008001548                HAL_TIM_IRQHandler
 .text.HAL_TIM_OC_DelayElapsedCallback
                0x0000000008001774       0x10 ./Drivers/STM32F0xx_HAL_Driver/Src/stm32f0xx_hal_tim.o
                0x0000000008001774                HAL_TIM_OC_DelayElapsedCallback
 .text.HAL_TIM_IC_CaptureCallback
                0x0000000008001784       0x10 ./Drivers/STM32F0xx_HAL_Driver/Src/stm32f0xx_hal_tim.o
                0x0000000008001784                HAL_TIM_IC_CaptureCallback
 .text.HAL_TIM_PWM_PulseFinishedCallback
                0x0000000008001794       0x10 ./Drivers/STM32F0xx_HAL_Driver/Src/stm32f0xx_hal_tim.o
                0x0000000008001794                HAL_TIM_PWM_PulseFinishedCallback
 .text.HAL_TIM_TriggerCallback
                0x00000000080017a4       0x10 ./Drivers/STM32F0xx_HAL_Driver/Src/stm32f0xx_hal_tim.o
                0x00000000080017a4                HAL_TIM_TriggerCallback
 .text.TIM_Base_SetConfig
                0x00000000080017b4       0xec ./Drivers/STM32F0xx_HAL_Driver/Src/stm32f0xx_hal_tim.o
                0x00000000080017b4                TIM_Base_SetConfig
 .text.HAL_TIMEx_CommutCallback
                0x00000000080018a0       0x10 ./Drivers/STM32F0xx_HAL_Driver/Src/stm32f0xx_hal_tim_ex.o
                0x00000000080018a0                HAL_TIMEx_CommutCallback
 .text.HAL_TIMEx_BreakCallback
                0x00000000080018b0       0x10 ./Drivers/STM32F0xx_HAL_Driver/Src/stm32f0xx_hal_tim_ex.o
                0x00000000080018b0                HAL_TIMEx_BreakCallback
 .text.vListInitialise
                0x00000000080018c0       0x3c ./ThirdParty/FreeRTOS/list.o
                0x00000000080018c0                vListInitialise
 .text.vListInitialiseItem
                0x00000000080018fc       0x16 ./ThirdParty/FreeRTOS/list.o
                0x00000000080018fc                vListInitialiseItem
 .text.vListInsertEnd
                0x0000000008001912       0x44 ./ThirdParty/FreeRTOS/list.o
                0x0000000008001912                vListInsertEnd
 .text.vListInsert
                0x0000000008001956       0x6c ./ThirdParty/FreeRTOS/list.o
                0x0000000008001956                vListInsert
 .text.uxListRemove
                0x00000000080019c2       0x50 ./ThirdParty/FreeRTOS/list.o
                0x00000000080019c2                uxListRemove
 .text.xQueueGenericReset
                0x0000000008001a12       0xa8 ./ThirdParty/FreeRTOS/queue.o
                0x0000000008001a12                xQueueGenericReset
 .text.xQueueGenericCreate
                0x0000000008001aba       0x8c ./ThirdParty/FreeRTOS/queue.o
                0x0000000008001aba                xQueueGenericCreate
 .text.prvInitialiseNewQueue
                0x0000000008001b46       0x4e ./ThirdParty/FreeRTOS/queue.o
 .text.xQueueGenericSend
                0x0000000008001b94      0x188 ./ThirdParty/FreeRTOS/queue.o
                0x0000000008001b94                xQueueGenericSend
 .text.xQueueGenericSendFromISR
                0x0000000008001d1c       0xf8 ./ThirdParty/FreeRTOS/queue.o
                0x0000000008001d1c                xQueueGenericSendFromISR
 .text.xQueueReceive
                0x0000000008001e14      0x16a ./ThirdParty/FreeRTOS/queue.o
                0x0000000008001e14                xQueueReceive
 .text.prvCopyDataToQueue
                0x0000000008001f7e       0xd6 ./ThirdParty/FreeRTOS/queue.o
 .text.prvCopyDataFromQueue
                0x0000000008002054       0x4c ./ThirdParty/FreeRTOS/queue.o
 .text.prvUnlockQueue
                0x00000000080020a0       0xbc ./ThirdParty/FreeRTOS/queue.o
 .text.prvIsQueueEmpty
                0x000000000800215c       0x2c ./ThirdParty/FreeRTOS/queue.o
 .text.prvIsQueueFull
                0x0000000008002188       0x30 ./ThirdParty/FreeRTOS/queue.o
 .text.vQueueAddToRegistry
                0x00000000080021b8       0x50 ./ThirdParty/FreeRTOS/queue.o
                0x00000000080021b8                vQueueAddToRegistry
 .text.vQueueWaitForMessageRestricted
                0x0000000008002208       0x66 ./ThirdParty/FreeRTOS/queue.o
                0x0000000008002208                vQueueWaitForMessageRestricted
 .text.xTaskCreate
                0x000000000800226e       0x90 ./ThirdParty/FreeRTOS/tasks.o
                0x000000000800226e                xTaskCreate
 *fill*         0x00000000080022fe        0x2 
 .text.prvInitialiseNewTask
                0x0000000008002300      0x120 ./ThirdParty/FreeRTOS/tasks.o
 .text.prvAddNewTaskToReadyList
                0x0000000008002420       0xd0 ./ThirdParty/FreeRTOS/tasks.o
 .text.vTaskDelay
                0x00000000080024f0       0x4c ./ThirdParty/FreeRTOS/tasks.o
                0x00000000080024f0                vTaskDelay
 .text.vTaskStartScheduler
                0x000000000800253c       0x80 ./ThirdParty/FreeRTOS/tasks.o
                0x000000000800253c                vTaskStartScheduler
 .text.vTaskSuspendAll
                0x00000000080025bc       0x18 ./ThirdParty/FreeRTOS/tasks.o
                0x00000000080025bc                vTaskSuspendAll
 .text.xTaskResumeAll
                0x00000000080025d4      0x118 ./ThirdParty/FreeRTOS/tasks.o
                0x00000000080025d4                xTaskResumeAll
 .text.xTaskGetTickCount
                0x00000000080026ec       0x1c ./ThirdParty/FreeRTOS/tasks.o
                0x00000000080026ec                xTaskGetTickCount
 .text.xTaskIncrementTick
                0x0000000008002708      0x160 ./ThirdParty/FreeRTOS/tasks.o
                0x0000000008002708                xTaskIncrementTick
 .text.vTaskSwitchContext
                0x0000000008002868       0xa4 ./ThirdParty/FreeRTOS/tasks.o
                0x0000000008002868                vTaskSwitchContext
 .text.vTaskPlaceOnEventList
                0x000000000800290c       0x3c ./ThirdParty/FreeRTOS/tasks.o
                0x000000000800290c                vTaskPlaceOnEventList
 .text.vTaskPlaceOnEventListRestricted
                0x0000000008002948       0x4c ./ThirdParty/FreeRTOS/tasks.o
                0x0000000008002948                vTaskPlaceOnEventListRestricted
 .text.xTaskRemoveFromEventList
                0x0000000008002994       0xb8 ./ThirdParty/FreeRTOS/tasks.o
                0x0000000008002994                xTaskRemoveFromEventList
 .text.vTaskInternalSetTimeOutState
                0x0000000008002a4c       0x28 ./ThirdParty/FreeRTOS/tasks.o
                0x0000000008002a4c                vTaskInternalSetTimeOutState
 .text.xTaskCheckForTimeOut
                0x0000000008002a74       0xa8 ./ThirdParty/FreeRTOS/tasks.o
                0x0000000008002a74                xTaskCheckForTimeOut
 .text.vTaskMissedYield
                0x0000000008002b1c       0x14 ./ThirdParty/FreeRTOS/tasks.o
                0x0000000008002b1c                vTaskMissedYield
 .text.prvIdleTask
                0x0000000008002b30       0x20 ./ThirdParty/FreeRTOS/tasks.o
 .text.prvInitialiseTaskLists
                0x0000000008002b50       0x88 ./ThirdParty/FreeRTOS/tasks.o
 .text.prvCheckTasksWaitingTermination
                0x0000000008002bd8       0x5c ./ThirdParty/FreeRTOS/tasks.o
 .text.prvDeleteTCB
                0x0000000008002c34       0x22 ./ThirdParty/FreeRTOS/tasks.o
 *fill*         0x0000000008002c56        0x2 
 .text.prvResetNextTaskUnblockTime
                0x0000000008002c58       0x34 ./ThirdParty/FreeRTOS/tasks.o
 .text.xTaskGetSchedulerState
                0x0000000008002c8c       0x38 ./ThirdParty/FreeRTOS/tasks.o
                0x0000000008002c8c                xTaskGetSchedulerState
 .text.xTaskPriorityDisinherit
                0x0000000008002cc4       0xb8 ./ThirdParty/FreeRTOS/tasks.o
                0x0000000008002cc4                xTaskPriorityDisinherit
 .text.prvAddCurrentTaskToDelayedList
                0x0000000008002d7c       0xa8 ./ThirdParty/FreeRTOS/tasks.o
 .text.xTimerCreateTimerTask
                0x0000000008002e24       0x54 ./ThirdParty/FreeRTOS/timers.o
                0x0000000008002e24                xTimerCreateTimerTask
 .text.xTimerGenericCommand
                0x0000000008002e78       0x94 ./ThirdParty/FreeRTOS/timers.o
                0x0000000008002e78                xTimerGenericCommand
 .text.prvProcessExpiredTimer
                0x0000000008002f0c       0x88 ./ThirdParty/FreeRTOS/timers.o
 .text.prvTimerTask
                0x0000000008002f94       0x28 ./ThirdParty/FreeRTOS/timers.o
 .text.prvProcessTimerOrBlockTask
                0x0000000008002fbc       0x90 ./ThirdParty/FreeRTOS/timers.o
 .text.prvGetNextExpireTime
                0x000000000800304c       0x44 ./ThirdParty/FreeRTOS/timers.o
 .text.prvSampleTimeNow
                0x0000000008003090       0x40 ./ThirdParty/FreeRTOS/timers.o
 .text.prvInsertTimerInActiveList
                0x00000000080030d0       0x84 ./ThirdParty/FreeRTOS/timers.o
 .text.prvProcessReceivedCommands
                0x0000000008003154      0x18c ./ThirdParty/FreeRTOS/timers.o
 .text.prvSwitchTimerLists
                0x00000000080032e0       0xbc ./ThirdParty/FreeRTOS/timers.o
 .text.prvCheckForValidListAndQueue
                0x000000000800339c       0x74 ./ThirdParty/FreeRTOS/timers.o
 .text.pxPortInitialiseStack
                0x0000000008003410       0x54 ./ThirdParty/FreeRTOS/portable/GCC/ARM_CM0/port.o
                0x0000000008003410                pxPortInitialiseStack
 .text.prvTaskExitError
                0x0000000008003464       0x30 ./ThirdParty/FreeRTOS/portable/GCC/ARM_CM0/port.o
 .text.SVC_Handler
                0x0000000008003494        0xa ./ThirdParty/FreeRTOS/portable/GCC/ARM_CM0/port.o
                0x0000000008003494                SVC_Handler
 *fill*         0x000000000800349e        0x2 
 .text.vPortStartFirstTask
                0x00000000080034a0       0x38 ./ThirdParty/FreeRTOS/portable/GCC/ARM_CM0/port.o
 .text.xPortStartScheduler
                0x00000000080034d8       0x48 ./ThirdParty/FreeRTOS/portable/GCC/ARM_CM0/port.o
                0x00000000080034d8                xPortStartScheduler
 .text.vPortYield
                0x0000000008003520       0x20 ./ThirdParty/FreeRTOS/portable/GCC/ARM_CM0/port.o
                0x0000000008003520                vPortYield
 .text.vPortEnterCritical
                0x0000000008003540       0x24 ./ThirdParty/FreeRTOS/portable/GCC/ARM_CM0/port.o
                0x0000000008003540                vPortEnterCritical
 .text.vPortExitCritical
                0x0000000008003564       0x30 ./ThirdParty/FreeRTOS/portable/GCC/ARM_CM0/port.o
                0x0000000008003564                vPortExitCritical
 .text.ulSetInterruptMaskFromISR
                0x0000000008003594        0xc ./ThirdParty/FreeRTOS/portable/GCC/ARM_CM0/port.o
                0x0000000008003594                ulSetInterruptMaskFromISR
 .text.vClearInterruptMaskFromISR
                0x00000000080035a0        0x8 ./ThirdParty/FreeRTOS/portable/GCC/ARM_CM0/port.o
                0x00000000080035a0                vClearInterruptMaskFromISR
 *fill*         0x00000000080035a8        0x8 
 .text.PendSV_Handler
                0x00000000080035b0       0x48 ./ThirdParty/FreeRTOS/portable/GCC/ARM_CM0/port.o
                0x00000000080035b0                PendSV_Handler
 .text.SysTick_Handler
                0x00000000080035f8       0x34 ./ThirdParty/FreeRTOS/portable/GCC/ARM_CM0/port.o
                0x00000000080035f8                SysTick_Handler
 .text.vPortSetupTimerInterrupt
                0x000000000800362c       0x44 ./ThirdParty/FreeRTOS/portable/GCC/ARM_CM0/port.o
                0x000000000800362c                vPortSetupTimerInterrupt
 .text.pvPortMalloc
                0x0000000008003670      0x180 ./ThirdParty/FreeRTOS/portable/MemMang/heap_4.o
                0x0000000008003670                pvPortMalloc
 .text.vPortFree
                0x00000000080037f0       0x9c ./ThirdParty/FreeRTOS/portable/MemMang/heap_4.o
                0x00000000080037f0                vPortFree
 .text.prvHeapInit
                0x000000000800388c       0xc0 ./ThirdParty/FreeRTOS/portable/MemMang/heap_4.o
 .text.prvInsertBlockIntoFreeList
                0x000000000800394c       0xb0 ./ThirdParty/FreeRTOS/portable/MemMang/heap_4.o
 .text.__libc_init_array
                0x00000000080039fc       0x48 c:/st/stm32cubeide_1.10.0/stm32cubeide/plugins/com.st.stm32cube.ide.mcu.externaltools.gnu-tools-for-stm32.10.3-2021.10.win32_1.0.0.202111181127/tools/bin/../lib/gcc/arm-none-eabi/10.3.1/../../../../arm-none-eabi/lib/thumb/v6-m/nofp\libc_nano.a(lib_a-init.o)
                0x00000000080039fc                __libc_init_array
 .text.memcpy   0x0000000008003a44       0x12 c:/st/stm32cubeide_1.10.0/stm32cubeide/plugins/com.st.stm32cube.ide.mcu.externaltools.gnu-tools-for-stm32.10.3-2021.10.win32_1.0.0.202111181127/tools/bin/../lib/gcc/arm-none-eabi/10.3.1/../../../../arm-none-eabi/lib/thumb/v6-m/nofp\libc_nano.a(lib_a-memcpy-stub.o)
                0x0000000008003a44                memcpy
 .text.memset   0x0000000008003a56       0x10 c:/st/stm32cubeide_1.10.0/stm32cubeide/plugins/com.st.stm32cube.ide.mcu.externaltools.gnu-tools-for-stm32.10.3-2021.10.win32_1.0.0.202111181127/tools/bin/../lib/gcc/arm-none-eabi/10.3.1/../../../../arm-none-eabi/lib/thumb/v6-m/nofp\libc_nano.a(lib_a-memset.o)
                0x0000000008003a56                memset
 *(.glue_7)
 .glue_7        0x0000000008003a66        0x0 linker stubs
 *(.glue_7t)
 .glue_7t       0x0000000008003a66        0x0 linker stubs
 *(.eh_frame)
 *fill*         0x0000000008003a66        0x2 
 .eh_frame      0x0000000008003a68        0x0 c:/st/stm32cubeide_1.10.0/stm32cubeide/plugins/com.st.stm32cube.ide.mcu.externaltools.gnu-tools-for-stm32.10.3-2021.10.win32_1.0.0.202111181127/tools/bin/../lib/gcc/arm-none-eabi/10.3.1/thumb/v6-m/nofp/crtbegin.o
 *(.init)
 .init          0x0000000008003a68        0x4 c:/st/stm32cubeide_1.10.0/stm32cubeide/plugins/com.st.stm32cube.ide.mcu.externaltools.gnu-tools-for-stm32.10.3-2021.10.win32_1.0.0.202111181127/tools/bin/../lib/gcc/arm-none-eabi/10.3.1/thumb/v6-m/nofp/crti.o
                0x0000000008003a68                _init
 .init          0x0000000008003a6c        0x8 c:/st/stm32cubeide_1.10.0/stm32cubeide/plugins/com.st.stm32cube.ide.mcu.externaltools.gnu-tools-for-stm32.10.3-2021.10.win32_1.0.0.202111181127/tools/bin/../lib/gcc/arm-none-eabi/10.3.1/thumb/v6-m/nofp/crtn.o
 *(.fini)
 .fini          0x0000000008003a74        0x4 c:/st/stm32cubeide_1.10.0/stm32cubeide/plugins/com.st.stm32cube.ide.mcu.externaltools.gnu-tools-for-stm32.10.3-2021.10.win32_1.0.0.202111181127/tools/bin/../lib/gcc/arm-none-eabi/10.3.1/thumb/v6-m/nofp/crti.o
                0x0000000008003a74                _fini
 .fini          0x0000000008003a78        0x8 c:/st/stm32cubeide_1.10.0/stm32cubeide/plugins/com.st.stm32cube.ide.mcu.externaltools.gnu-tools-for-stm32.10.3-2021.10.win32_1.0.0.202111181127/tools/bin/../lib/gcc/arm-none-eabi/10.3.1/thumb/v6-m/nofp/crtn.o
                0x0000000008003a80                . = ALIGN (0x4)
                0x0000000008003a80                _etext = .

.vfp11_veneer   0x0000000008003a80        0x0
 .vfp11_veneer  0x0000000008003a80        0x0 linker stubs

.v4_bx          0x0000000008003a80        0x0
 .v4_bx         0x0000000008003a80        0x0 linker stubs

.iplt           0x0000000008003a80        0x0
 .iplt          0x0000000008003a80        0x0 c:/st/stm32cubeide_1.10.0/stm32cubeide/plugins/com.st.stm32cube.ide.mcu.externaltools.gnu-tools-for-stm32.10.3-2021.10.win32_1.0.0.202111181127/tools/bin/../lib/gcc/arm-none-eabi/10.3.1/thumb/v6-m/nofp/crtbegin.o

.rodata         0x0000000008003a80       0x80
                0x0000000008003a80                . = ALIGN (0x4)
 *(.rodata)
 .rodata        0x0000000008003a80        0x8 ./Core/Src/main.o
 .rodata        0x0000000008003a88       0x20 ./Drivers/STM32F0xx_HAL_Driver/Src/stm32f0xx_hal_rcc.o
 .rodata        0x0000000008003aa8        0x5 ./ThirdParty/FreeRTOS/tasks.o
 *fill*         0x0000000008003aad        0x3 
 .rodata        0x0000000008003ab0        0xd ./ThirdParty/FreeRTOS/timers.o
 *(.rodata*)
 *fill*         0x0000000008003abd        0x3 
 .rodata.AHBPrescTable
                0x0000000008003ac0       0x10 ./Core/Src/system_stm32f0xx.o
                0x0000000008003ac0                AHBPrescTable
 .rodata.APBPrescTable
                0x0000000008003ad0        0x8 ./Core/Src/system_stm32f0xx.o
                0x0000000008003ad0                APBPrescTable
 .rodata.prvProcessReceivedCommands
                0x0000000008003ad8       0x28 ./ThirdParty/FreeRTOS/timers.o
                0x0000000008003b00                . = ALIGN (0x4)

.rel.dyn        0x0000000008003b00        0x0
 .rel.iplt      0x0000000008003b00        0x0 c:/st/stm32cubeide_1.10.0/stm32cubeide/plugins/com.st.stm32cube.ide.mcu.externaltools.gnu-tools-for-stm32.10.3-2021.10.win32_1.0.0.202111181127/tools/bin/../lib/gcc/arm-none-eabi/10.3.1/thumb/v6-m/nofp/crtbegin.o

.ARM.extab      0x0000000008003b00        0x0
                0x0000000008003b00                . = ALIGN (0x4)
 *(.ARM.extab* .gnu.linkonce.armextab.*)
                0x0000000008003b00                . = ALIGN (0x4)

.ARM            0x0000000008003b00        0x0
                0x0000000008003b00                . = ALIGN (0x4)
                0x0000000008003b00                __exidx_start = .
 *(.ARM.exidx*)
                0x0000000008003b00                __exidx_end = .
                0x0000000008003b00                . = ALIGN (0x4)

.preinit_array  0x0000000008003b00        0x0
                0x0000000008003b00                . = ALIGN (0x4)
                0x0000000008003b00                PROVIDE (__preinit_array_start = .)
 *(.preinit_array*)
                0x0000000008003b00                PROVIDE (__preinit_array_end = .)
                0x0000000008003b00                . = ALIGN (0x4)

.init_array     0x0000000008003b00        0x4
                0x0000000008003b00                . = ALIGN (0x4)
                0x0000000008003b00                PROVIDE (__init_array_start = .)
 *(SORT_BY_NAME(.init_array.*))
 *(.init_array*)
 .init_array    0x0000000008003b00        0x4 c:/st/stm32cubeide_1.10.0/stm32cubeide/plugins/com.st.stm32cube.ide.mcu.externaltools.gnu-tools-for-stm32.10.3-2021.10.win32_1.0.0.202111181127/tools/bin/../lib/gcc/arm-none-eabi/10.3.1/thumb/v6-m/nofp/crtbegin.o
                0x0000000008003b04                PROVIDE (__init_array_end = .)
                0x0000000008003b04                . = ALIGN (0x4)

.fini_array     0x0000000008003b04        0x4
                0x0000000008003b04                . = ALIGN (0x4)
                [!provide]                        PROVIDE (__fini_array_start = .)
 *(SORT_BY_NAME(.fini_array.*))
 *(.fini_array*)
 .fini_array    0x0000000008003b04        0x4 c:/st/stm32cubeide_1.10.0/stm32cubeide/plugins/com.st.stm32cube.ide.mcu.externaltools.gnu-tools-for-stm32.10.3-2021.10.win32_1.0.0.202111181127/tools/bin/../lib/gcc/arm-none-eabi/10.3.1/thumb/v6-m/nofp/crtbegin.o
                [!provide]                        PROVIDE (__fini_array_end = .)
                0x0000000008003b08                . = ALIGN (0x4)
                0x0000000008003b08                _sidata = LOADADDR (.data)

.data           0x0000000020000000       0x14 load address 0x0000000008003b08
                0x0000000020000000                . = ALIGN (0x4)
                0x0000000020000000                _sdata = .
 *(.data)
 *(.data*)
 .data.SystemCoreClock
                0x0000000020000000        0x4 ./Core/Src/system_stm32f0xx.o
                0x0000000020000000                SystemCoreClock
 .data.uwTickPrio
                0x0000000020000004        0x4 ./Drivers/STM32F0xx_HAL_Driver/Src/stm32f0xx_hal.o
                0x0000000020000004                uwTickPrio
 .data.uwTickFreq
                0x0000000020000008        0x1 ./Drivers/STM32F0xx_HAL_Driver/Src/stm32f0xx_hal.o
                0x0000000020000008                uwTickFreq
 *fill*         0x0000000020000009        0x3 
 .data.uxTopUsedPriority
                0x000000002000000c        0x4 ./ThirdParty/FreeRTOS/tasks.o
                0x000000002000000c                uxTopUsedPriority
 .data.uxCriticalNesting
                0x0000000020000010        0x4 ./ThirdParty/FreeRTOS/portable/GCC/ARM_CM0/port.o
 *(.RamFunc)
 *(.RamFunc*)
                0x0000000020000014                . = ALIGN (0x4)
                0x0000000020000014                _edata = .

.igot.plt       0x0000000020000014        0x0 load address 0x0000000008003b1c
 .igot.plt      0x0000000020000014        0x0 c:/st/stm32cubeide_1.10.0/stm32cubeide/plugins/com.st.stm32cube.ide.mcu.externaltools.gnu-tools-for-stm32.10.3-2021.10.win32_1.0.0.202111181127/tools/bin/../lib/gcc/arm-none-eabi/10.3.1/thumb/v6-m/nofp/crtbegin.o
                0x0000000020000014                . = ALIGN (0x4)

.bss            0x0000000020000014     0x120c load address 0x0000000008003b1c
                0x0000000020000014                _sbss = .
                0x0000000020000014                __bss_start__ = _sbss
 *(.bss)
 .bss           0x0000000020000014       0x1c c:/st/stm32cubeide_1.10.0/stm32cubeide/plugins/com.st.stm32cube.ide.mcu.externaltools.gnu-tools-for-stm32.10.3-2021.10.win32_1.0.0.202111181127/tools/bin/../lib/gcc/arm-none-eabi/10.3.1/thumb/v6-m/nofp/crtbegin.o
 *(.bss*)
 .bss.ledTaskHandle
                0x0000000020000030        0x4 ./Core/Src/main.o
                0x0000000020000030                ledTaskHandle
 .bss.status    0x0000000020000034        0x4 ./Core/Src/main.o
                0x0000000020000034                status
 .bss.htim7     0x0000000020000038       0x48 ./Core/Src/stm32f0xx_hal_timebase_tim.o
                0x0000000020000038                htim7
 .bss.uwTick    0x0000000020000080        0x4 ./Drivers/STM32F0xx_HAL_Driver/Src/stm32f0xx_hal.o
                0x0000000020000080                uwTick
 .bss.xQueueRegistry
                0x0000000020000084       0x40 ./ThirdParty/FreeRTOS/queue.o
                0x0000000020000084                xQueueRegistry
 .bss.pxCurrentTCB
                0x00000000200000c4        0x4 ./ThirdParty/FreeRTOS/tasks.o
                0x00000000200000c4                pxCurrentTCB
 .bss.pxReadyTasksLists
                0x00000000200000c8      0x460 ./ThirdParty/FreeRTOS/tasks.o
 .bss.xDelayedTaskList1
                0x0000000020000528       0x14 ./ThirdParty/FreeRTOS/tasks.o
 .bss.xDelayedTaskList2
                0x000000002000053c       0x14 ./ThirdParty/FreeRTOS/tasks.o
 .bss.pxDelayedTaskList
                0x0000000020000550        0x4 ./ThirdParty/FreeRTOS/tasks.o
 .bss.pxOverflowDelayedTaskList
                0x0000000020000554        0x4 ./ThirdParty/FreeRTOS/tasks.o
 .bss.xPendingReadyList
                0x0000000020000558       0x14 ./ThirdParty/FreeRTOS/tasks.o
 .bss.xTasksWaitingTermination
                0x000000002000056c       0x14 ./ThirdParty/FreeRTOS/tasks.o
 .bss.uxDeletedTasksWaitingCleanUp
                0x0000000020000580        0x4 ./ThirdParty/FreeRTOS/tasks.o
 .bss.xSuspendedTaskList
                0x0000000020000584       0x14 ./ThirdParty/FreeRTOS/tasks.o
 .bss.uxCurrentNumberOfTasks
                0x0000000020000598        0x4 ./ThirdParty/FreeRTOS/tasks.o
 .bss.xTickCount
                0x000000002000059c        0x4 ./ThirdParty/FreeRTOS/tasks.o
 .bss.uxTopReadyPriority
                0x00000000200005a0        0x4 ./ThirdParty/FreeRTOS/tasks.o
 .bss.xSchedulerRunning
                0x00000000200005a4        0x4 ./ThirdParty/FreeRTOS/tasks.o
 .bss.xPendedTicks
                0x00000000200005a8        0x4 ./ThirdParty/FreeRTOS/tasks.o
 .bss.xYieldPending
                0x00000000200005ac        0x4 ./ThirdParty/FreeRTOS/tasks.o
 .bss.xNumOfOverflows
                0x00000000200005b0        0x4 ./ThirdParty/FreeRTOS/tasks.o
 .bss.uxTaskNumber
                0x00000000200005b4        0x4 ./ThirdParty/FreeRTOS/tasks.o
 .bss.xNextTaskUnblockTime
                0x00000000200005b8        0x4 ./ThirdParty/FreeRTOS/tasks.o
 .bss.xIdleTaskHandle
                0x00000000200005bc        0x4 ./ThirdParty/FreeRTOS/tasks.o
 .bss.uxSchedulerSuspended
                0x00000000200005c0        0x4 ./ThirdParty/FreeRTOS/tasks.o
 .bss.xActiveTimerList1
                0x00000000200005c4       0x14 ./ThirdParty/FreeRTOS/timers.o
 .bss.xActiveTimerList2
                0x00000000200005d8       0x14 ./ThirdParty/FreeRTOS/timers.o
 .bss.pxCurrentTimerList
                0x00000000200005ec        0x4 ./ThirdParty/FreeRTOS/timers.o
 .bss.pxOverflowTimerList
                0x00000000200005f0        0x4 ./ThirdParty/FreeRTOS/timers.o
 .bss.xTimerQueue
                0x00000000200005f4        0x4 ./ThirdParty/FreeRTOS/timers.o
 .bss.xTimerTaskHandle
                0x00000000200005f8        0x4 ./ThirdParty/FreeRTOS/timers.o
 .bss.xLastTime.0
                0x00000000200005fc        0x4 ./ThirdParty/FreeRTOS/timers.o
 .bss.ucHeap    0x0000000020000600      0xc00 ./ThirdParty/FreeRTOS/portable/MemMang/heap_4.o
 .bss.xStart    0x0000000020001200        0x8 ./ThirdParty/FreeRTOS/portable/MemMang/heap_4.o
 .bss.pxEnd     0x0000000020001208        0x4 ./ThirdParty/FreeRTOS/portable/MemMang/heap_4.o
 .bss.xFreeBytesRemaining
                0x000000002000120c        0x4 ./ThirdParty/FreeRTOS/portable/MemMang/heap_4.o
 .bss.xMinimumEverFreeBytesRemaining
                0x0000000020001210        0x4 ./ThirdParty/FreeRTOS/portable/MemMang/heap_4.o
 .bss.xNumberOfSuccessfulAllocations
                0x0000000020001214        0x4 ./ThirdParty/FreeRTOS/portable/MemMang/heap_4.o
 .bss.xNumberOfSuccessfulFrees
                0x0000000020001218        0x4 ./ThirdParty/FreeRTOS/portable/MemMang/heap_4.o
 .bss.xBlockAllocatedBit
                0x000000002000121c        0x4 ./ThirdParty/FreeRTOS/portable/MemMang/heap_4.o
 *(COMMON)
                0x0000000020001220                . = ALIGN (0x4)
                0x0000000020001220                _ebss = .
                0x0000000020001220                __bss_end__ = _ebss

._user_heap_stack
                0x0000000020001220      0x600 load address 0x0000000008003b1c
                0x0000000020001220                . = ALIGN (0x8)
                [!provide]                        PROVIDE (end = .)
                [!provide]                        PROVIDE (_end = .)
                0x0000000020001420                . = (. + _Min_Heap_Size)
 *fill*         0x0000000020001220      0x200 
                0x0000000020001820                . = (. + _Min_Stack_Size)
 *fill*         0x0000000020001420      0x400 
                0x0000000020001820                . = ALIGN (0x8)

/DISCARD/
 libc.a(*)
 libm.a(*)
 libgcc.a(*)

.ARM.attributes
                0x0000000000000000       0x28
 *(.ARM.attributes)
 .ARM.attributes
                0x0000000000000000       0x1e c:/st/stm32cubeide_1.10.0/stm32cubeide/plugins/com.st.stm32cube.ide.mcu.externaltools.gnu-tools-for-stm32.10.3-2021.10.win32_1.0.0.202111181127/tools/bin/../lib/gcc/arm-none-eabi/10.3.1/thumb/v6-m/nofp/crti.o
 .ARM.attributes
                0x000000000000001e       0x2c c:/st/stm32cubeide_1.10.0/stm32cubeide/plugins/com.st.stm32cube.ide.mcu.externaltools.gnu-tools-for-stm32.10.3-2021.10.win32_1.0.0.202111181127/tools/bin/../lib/gcc/arm-none-eabi/10.3.1/thumb/v6-m/nofp/crtbegin.o
 .ARM.attributes
                0x000000000000004a       0x2c ./Core/Src/gpio.o
 .ARM.attributes
                0x0000000000000076       0x2c ./Core/Src/main.o
 .ARM.attributes
                0x00000000000000a2       0x2c ./Core/Src/stm32f0xx_hal_msp.o
 .ARM.attributes
                0x00000000000000ce       0x2c ./Core/Src/stm32f0xx_hal_timebase_tim.o
 .ARM.attributes
                0x00000000000000fa       0x2c ./Core/Src/stm32f0xx_it.o
 .ARM.attributes
                0x0000000000000126       0x2c ./Core/Src/system_stm32f0xx.o
 .ARM.attributes
                0x0000000000000152       0x21 ./Core/Startup/startup_stm32f030cctx.o
 .ARM.attributes
                0x0000000000000173       0x2c ./Drivers/STM32F0xx_HAL_Driver/Src/stm32f0xx_hal.o
 .ARM.attributes
                0x000000000000019f       0x2c ./Drivers/STM32F0xx_HAL_Driver/Src/stm32f0xx_hal_cortex.o
 .ARM.attributes
                0x00000000000001cb       0x2c ./Drivers/STM32F0xx_HAL_Driver/Src/stm32f0xx_hal_gpio.o
 .ARM.attributes
                0x00000000000001f7       0x2c ./Drivers/STM32F0xx_HAL_Driver/Src/stm32f0xx_hal_rcc.o
 .ARM.attributes
                0x0000000000000223       0x2c ./Drivers/STM32F0xx_HAL_Driver/Src/stm32f0xx_hal_tim.o
 .ARM.attributes
                0x000000000000024f       0x2c ./Drivers/STM32F0xx_HAL_Driver/Src/stm32f0xx_hal_tim_ex.o
 .ARM.attributes
                0x000000000000027b       0x2c ./ThirdParty/FreeRTOS/list.o
 .ARM.attributes
                0x00000000000002a7       0x2c ./ThirdParty/FreeRTOS/queue.o
 .ARM.attributes
                0x00000000000002d3       0x2c ./ThirdParty/FreeRTOS/tasks.o
 .ARM.attributes
                0x00000000000002ff       0x2c ./ThirdParty/FreeRTOS/timers.o
 .ARM.attributes
                0x000000000000032b       0x2c ./ThirdParty/FreeRTOS/portable/GCC/ARM_CM0/port.o
 .ARM.attributes
                0x0000000000000357       0x2c ./ThirdParty/FreeRTOS/portable/MemMang/heap_4.o
 .ARM.attributes
                0x0000000000000383       0x2c c:/st/stm32cubeide_1.10.0/stm32cubeide/plugins/com.st.stm32cube.ide.mcu.externaltools.gnu-tools-for-stm32.10.3-2021.10.win32_1.0.0.202111181127/tools/bin/../lib/gcc/arm-none-eabi/10.3.1/../../../../arm-none-eabi/lib/thumb/v6-m/nofp\libc_nano.a(lib_a-init.o)
 .ARM.attributes
                0x00000000000003af       0x2c c:/st/stm32cubeide_1.10.0/stm32cubeide/plugins/com.st.stm32cube.ide.mcu.externaltools.gnu-tools-for-stm32.10.3-2021.10.win32_1.0.0.202111181127/tools/bin/../lib/gcc/arm-none-eabi/10.3.1/../../../../arm-none-eabi/lib/thumb/v6-m/nofp\libc_nano.a(lib_a-memcpy-stub.o)
 .ARM.attributes
                0x00000000000003db       0x2c c:/st/stm32cubeide_1.10.0/stm32cubeide/plugins/com.st.stm32cube.ide.mcu.externaltools.gnu-tools-for-stm32.10.3-2021.10.win32_1.0.0.202111181127/tools/bin/../lib/gcc/arm-none-eabi/10.3.1/../../../../arm-none-eabi/lib/thumb/v6-m/nofp\libc_nano.a(lib_a-memset.o)
 .ARM.attributes
                0x0000000000000407       0x1e c:/st/stm32cubeide_1.10.0/stm32cubeide/plugins/com.st.stm32cube.ide.mcu.externaltools.gnu-tools-for-stm32.10.3-2021.10.win32_1.0.0.202111181127/tools/bin/../lib/gcc/arm-none-eabi/10.3.1/thumb/v6-m/nofp\libgcc.a(_udivsi3.o)
 .ARM.attributes
                0x0000000000000425       0x1e c:/st/stm32cubeide_1.10.0/stm32cubeide/plugins/com.st.stm32cube.ide.mcu.externaltools.gnu-tools-for-stm32.10.3-2021.10.win32_1.0.0.202111181127/tools/bin/../lib/gcc/arm-none-eabi/10.3.1/thumb/v6-m/nofp\libgcc.a(_dvmd_tls.o)
 .ARM.attributes
                0x0000000000000443       0x1e c:/st/stm32cubeide_1.10.0/stm32cubeide/plugins/com.st.stm32cube.ide.mcu.externaltools.gnu-tools-for-stm32.10.3-2021.10.win32_1.0.0.202111181127/tools/bin/../lib/gcc/arm-none-eabi/10.3.1/thumb/v6-m/nofp/crtn.o
OUTPUT(Sensors_rtos.elf elf32-littlearm)
LOAD linker stubs
LOAD c:/st/stm32cubeide_1.10.0/stm32cubeide/plugins/com.st.stm32cube.ide.mcu.externaltools.gnu-tools-for-stm32.10.3-2021.10.win32_1.0.0.202111181127/tools/bin/../lib/gcc/arm-none-eabi/10.3.1/../../../../arm-none-eabi/lib/thumb/v6-m/nofp\libc.a
LOAD c:/st/stm32cubeide_1.10.0/stm32cubeide/plugins/com.st.stm32cube.ide.mcu.externaltools.gnu-tools-for-stm32.10.3-2021.10.win32_1.0.0.202111181127/tools/bin/../lib/gcc/arm-none-eabi/10.3.1/../../../../arm-none-eabi/lib/thumb/v6-m/nofp\libm.a
LOAD c:/st/stm32cubeide_1.10.0/stm32cubeide/plugins/com.st.stm32cube.ide.mcu.externaltools.gnu-tools-for-stm32.10.3-2021.10.win32_1.0.0.202111181127/tools/bin/../lib/gcc/arm-none-eabi/10.3.1/thumb/v6-m/nofp\libgcc.a

.debug_info     0x0000000000000000     0xc7ce
 .debug_info    0x0000000000000000      0x34b ./Core/Src/gpio.o
 .debug_info    0x000000000000034b      0xab6 ./Core/Src/main.o
 .debug_info    0x0000000000000e01      0x1b8 ./Core/Src/stm32f0xx_hal_msp.o
 .debug_info    0x0000000000000fb9      0x9d3 ./Core/Src/stm32f0xx_hal_timebase_tim.o
 .debug_info    0x000000000000198c      0x688 ./Core/Src/stm32f0xx_it.o
 .debug_info    0x0000000000002014      0x269 ./Core/Src/system_stm32f0xx.o
 .debug_info    0x000000000000227d       0x22 ./Core/Startup/startup_stm32f030cctx.o
 .debug_info    0x000000000000229f      0x6c7 ./Drivers/STM32F0xx_HAL_Driver/Src/stm32f0xx_hal.o
 .debug_info    0x0000000000002966      0x705 ./Drivers/STM32F0xx_HAL_Driver/Src/stm32f0xx_hal_cortex.o
 .debug_info    0x000000000000306b      0x614 ./Drivers/STM32F0xx_HAL_Driver/Src/stm32f0xx_hal_gpio.o
 .debug_info    0x000000000000367f      0x888 ./Drivers/STM32F0xx_HAL_Driver/Src/stm32f0xx_hal_rcc.o
 .debug_info    0x0000000000003f07     0x2b93 ./Drivers/STM32F0xx_HAL_Driver/Src/stm32f0xx_hal_tim.o
 .debug_info    0x0000000000006a9a     0x15b8 ./Drivers/STM32F0xx_HAL_Driver/Src/stm32f0xx_hal_tim_ex.o
 .debug_info    0x0000000000008052      0x2d1 ./ThirdParty/FreeRTOS/list.o
 .debug_info    0x0000000000008323     0x137b ./ThirdParty/FreeRTOS/queue.o
 .debug_info    0x000000000000969e     0x1b7a ./ThirdParty/FreeRTOS/tasks.o
 .debug_info    0x000000000000b218      0xeb3 ./ThirdParty/FreeRTOS/timers.o
 .debug_info    0x000000000000c0cb      0x29e ./ThirdParty/FreeRTOS/portable/GCC/ARM_CM0/port.o
 .debug_info    0x000000000000c369      0x465 ./ThirdParty/FreeRTOS/portable/MemMang/heap_4.o

.debug_abbrev   0x0000000000000000     0x23f1
 .debug_abbrev  0x0000000000000000      0x146 ./Core/Src/gpio.o
 .debug_abbrev  0x0000000000000146      0x248 ./Core/Src/main.o
 .debug_abbrev  0x000000000000038e       0xc2 ./Core/Src/stm32f0xx_hal_msp.o
 .debug_abbrev  0x0000000000000450      0x20c ./Core/Src/stm32f0xx_hal_timebase_tim.o
 .debug_abbrev  0x000000000000065c      0x182 ./Core/Src/stm32f0xx_it.o
 .debug_abbrev  0x00000000000007de      0x116 ./Core/Src/system_stm32f0xx.o
 .debug_abbrev  0x00000000000008f4       0x12 ./Core/Startup/startup_stm32f030cctx.o
 .debug_abbrev  0x0000000000000906      0x23f ./Drivers/STM32F0xx_HAL_Driver/Src/stm32f0xx_hal.o
 .debug_abbrev  0x0000000000000b45      0x283 ./Drivers/STM32F0xx_HAL_Driver/Src/stm32f0xx_hal_cortex.o
 .debug_abbrev  0x0000000000000dc8      0x1bb ./Drivers/STM32F0xx_HAL_Driver/Src/stm32f0xx_hal_gpio.o
 .debug_abbrev  0x0000000000000f83      0x283 ./Drivers/STM32F0xx_HAL_Driver/Src/stm32f0xx_hal_rcc.o
 .debug_abbrev  0x0000000000001206      0x26e ./Drivers/STM32F0xx_HAL_Driver/Src/stm32f0xx_hal_tim.o
 .debug_abbrev  0x0000000000001474      0x276 ./Drivers/STM32F0xx_HAL_Driver/Src/stm32f0xx_hal_tim_ex.o
 .debug_abbrev  0x00000000000016ea       0xf2 ./ThirdParty/FreeRTOS/list.o
 .debug_abbrev  0x00000000000017dc      0x2b6 ./ThirdParty/FreeRTOS/queue.o
 .debug_abbrev  0x0000000000001a92      0x313 ./ThirdParty/FreeRTOS/tasks.o
 .debug_abbrev  0x0000000000001da5      0x2ae ./ThirdParty/FreeRTOS/timers.o
 .debug_abbrev  0x0000000000002053      0x1ee ./ThirdParty/FreeRTOS/portable/GCC/ARM_CM0/port.o
 .debug_abbrev  0x0000000000002241      0x1b0 ./ThirdParty/FreeRTOS/portable/MemMang/heap_4.o

.debug_aranges  0x0000000000000000      0xe18
 .debug_aranges
                0x0000000000000000       0x20 ./Core/Src/gpio.o
 .debug_aranges
                0x0000000000000020       0x40 ./Core/Src/main.o
 .debug_aranges
                0x0000000000000060       0x20 ./Core/Src/stm32f0xx_hal_msp.o
 .debug_aranges
                0x0000000000000080       0x30 ./Core/Src/stm32f0xx_hal_timebase_tim.o
 .debug_aranges
                0x00000000000000b0       0x30 ./Core/Src/stm32f0xx_it.o
 .debug_aranges
                0x00000000000000e0       0x28 ./Core/Src/system_stm32f0xx.o
 .debug_aranges
                0x0000000000000108       0x28 ./Core/Startup/startup_stm32f030cctx.o
 .debug_aranges
                0x0000000000000130       0xd0 ./Drivers/STM32F0xx_HAL_Driver/Src/stm32f0xx_hal.o
 .debug_aranges
                0x0000000000000200       0xc0 ./Drivers/STM32F0xx_HAL_Driver/Src/stm32f0xx_hal_cortex.o
 .debug_aranges
                0x00000000000002c0       0x58 ./Drivers/STM32F0xx_HAL_Driver/Src/stm32f0xx_hal_gpio.o
 .debug_aranges
                0x0000000000000318       0x80 ./Drivers/STM32F0xx_HAL_Driver/Src/stm32f0xx_hal_rcc.o
 .debug_aranges
                0x0000000000000398      0x3d0 ./Drivers/STM32F0xx_HAL_Driver/Src/stm32f0xx_hal_tim.o
 .debug_aranges
                0x0000000000000768      0x168 ./Drivers/STM32F0xx_HAL_Driver/Src/stm32f0xx_hal_tim_ex.o
 .debug_aranges
                0x00000000000008d0       0x40 ./ThirdParty/FreeRTOS/list.o
 .debug_aranges
                0x0000000000000910      0x140 ./ThirdParty/FreeRTOS/queue.o
 .debug_aranges
                0x0000000000000a50      0x200 ./ThirdParty/FreeRTOS/tasks.o
 .debug_aranges
                0x0000000000000c50       0xe8 ./ThirdParty/FreeRTOS/timers.o
 .debug_aranges
                0x0000000000000d38       0x88 ./ThirdParty/FreeRTOS/portable/GCC/ARM_CM0/port.o
 .debug_aranges
                0x0000000000000dc0       0x58 ./ThirdParty/FreeRTOS/portable/MemMang/heap_4.o

.debug_ranges   0x0000000000000000      0xcf0
 .debug_ranges  0x0000000000000000       0x10 ./Core/Src/gpio.o
 .debug_ranges  0x0000000000000010       0x30 ./Core/Src/main.o
 .debug_ranges  0x0000000000000040       0x10 ./Core/Src/stm32f0xx_hal_msp.o
 .debug_ranges  0x0000000000000050       0x20 ./Core/Src/stm32f0xx_hal_timebase_tim.o
 .debug_ranges  0x0000000000000070       0x20 ./Core/Src/stm32f0xx_it.o
 .debug_ranges  0x0000000000000090       0x18 ./Core/Src/system_stm32f0xx.o
 .debug_ranges  0x00000000000000a8       0x20 ./Core/Startup/startup_stm32f030cctx.o
 .debug_ranges  0x00000000000000c8       0xc0 ./Drivers/STM32F0xx_HAL_Driver/Src/stm32f0xx_hal.o
 .debug_ranges  0x0000000000000188       0xb0 ./Drivers/STM32F0xx_HAL_Driver/Src/stm32f0xx_hal_cortex.o
 .debug_ranges  0x0000000000000238       0x48 ./Drivers/STM32F0xx_HAL_Driver/Src/stm32f0xx_hal_gpio.o
 .debug_ranges  0x0000000000000280       0x70 ./Drivers/STM32F0xx_HAL_Driver/Src/stm32f0xx_hal_rcc.o
 .debug_ranges  0x00000000000002f0      0x3c0 ./Drivers/STM32F0xx_HAL_Driver/Src/stm32f0xx_hal_tim.o
 .debug_ranges  0x00000000000006b0      0x158 ./Drivers/STM32F0xx_HAL_Driver/Src/stm32f0xx_hal_tim_ex.o
 .debug_ranges  0x0000000000000808       0x30 ./ThirdParty/FreeRTOS/list.o
 .debug_ranges  0x0000000000000838      0x130 ./ThirdParty/FreeRTOS/queue.o
 .debug_ranges  0x0000000000000968      0x1f0 ./ThirdParty/FreeRTOS/tasks.o
 .debug_ranges  0x0000000000000b58       0xd8 ./ThirdParty/FreeRTOS/timers.o
 .debug_ranges  0x0000000000000c30       0x78 ./ThirdParty/FreeRTOS/portable/GCC/ARM_CM0/port.o
 .debug_ranges  0x0000000000000ca8       0x48 ./ThirdParty/FreeRTOS/portable/MemMang/heap_4.o

.debug_macro    0x0000000000000000    0x11477
 .debug_macro   0x0000000000000000      0x1c7 ./Core/Src/gpio.o
 .debug_macro   0x00000000000001c7      0xa4e ./Core/Src/gpio.o
 .debug_macro   0x0000000000000c15      0x12d ./Core/Src/gpio.o
 .debug_macro   0x0000000000000d42       0x2e ./Core/Src/gpio.o
 .debug_macro   0x0000000000000d70       0x22 ./Core/Src/gpio.o
 .debug_macro   0x0000000000000d92       0x22 ./Core/Src/gpio.o
 .debug_macro   0x0000000000000db4       0x8e ./Core/Src/gpio.o
 .debug_macro   0x0000000000000e42       0x51 ./Core/Src/gpio.o
 .debug_macro   0x0000000000000e93      0x103 ./Core/Src/gpio.o
 .debug_macro   0x0000000000000f96       0x6a ./Core/Src/gpio.o
 .debug_macro   0x0000000000001000      0x1df ./Core/Src/gpio.o
 .debug_macro   0x00000000000011df       0x1c ./Core/Src/gpio.o
 .debug_macro   0x00000000000011fb       0x22 ./Core/Src/gpio.o
 .debug_macro   0x000000000000121d       0xaf ./Core/Src/gpio.o
 .debug_macro   0x00000000000012cc      0x391 ./Core/Src/gpio.o
 .debug_macro   0x000000000000165d     0x7854 ./Core/Src/gpio.o
 .debug_macro   0x0000000000008eb1       0x66 ./Core/Src/gpio.o
 .debug_macro   0x0000000000008f17     0x34a6 ./Core/Src/gpio.o
 .debug_macro   0x000000000000c3bd      0x174 ./Core/Src/gpio.o
 .debug_macro   0x000000000000c531       0x55 ./Core/Src/gpio.o
 .debug_macro   0x000000000000c586      0x924 ./Core/Src/gpio.o
 .debug_macro   0x000000000000ceaa      0x289 ./Core/Src/gpio.o
 .debug_macro   0x000000000000d133      0x1af ./Core/Src/gpio.o
 .debug_macro   0x000000000000d2e2      0x153 ./Core/Src/gpio.o
 .debug_macro   0x000000000000d435      0x1a0 ./Core/Src/gpio.o
 .debug_macro   0x000000000000d5d5      0x1bc ./Core/Src/gpio.o
 .debug_macro   0x000000000000d791      0x1de ./Core/Src/gpio.o
 .debug_macro   0x000000000000d96f       0x3c ./Core/Src/gpio.o
 .debug_macro   0x000000000000d9ab       0x28 ./Core/Src/gpio.o
 .debug_macro   0x000000000000d9d3       0xb0 ./Core/Src/gpio.o
 .debug_macro   0x000000000000da83      0x217 ./Core/Src/gpio.o
 .debug_macro   0x000000000000dc9a      0x22c ./Core/Src/gpio.o
 .debug_macro   0x000000000000dec6       0x61 ./Core/Src/gpio.o
 .debug_macro   0x000000000000df27       0xa5 ./Core/Src/gpio.o
 .debug_macro   0x000000000000dfcc       0x4c ./Core/Src/gpio.o
 .debug_macro   0x000000000000e018       0x49 ./Core/Src/gpio.o
 .debug_macro   0x000000000000e061      0x8d8 ./Core/Src/gpio.o
 .debug_macro   0x000000000000e939       0x28 ./Core/Src/gpio.o
 .debug_macro   0x000000000000e961      0x10d ./Core/Src/gpio.o
 .debug_macro   0x000000000000ea6e       0x34 ./Core/Src/gpio.o
 .debug_macro   0x000000000000eaa2      0x239 ./Core/Src/main.o
 .debug_macro   0x000000000000ecdb      0x100 ./Core/Src/main.o
 .debug_macro   0x000000000000eddb      0x15a ./Core/Src/main.o
 .debug_macro   0x000000000000ef35       0xb8 ./Core/Src/main.o
 .debug_macro   0x000000000000efed       0x1c ./Core/Src/main.o
 .debug_macro   0x000000000000f009       0x26 ./Core/Src/main.o
 .debug_macro   0x000000000000f02f      0x4f6 ./Core/Src/main.o
 .debug_macro   0x000000000000f525       0xb5 ./Core/Src/main.o
 .debug_macro   0x000000000000f5da      0x120 ./Core/Src/main.o
 .debug_macro   0x000000000000f6fa      0x1bd ./Core/Src/stm32f0xx_hal_msp.o
 .debug_macro   0x000000000000f8b7      0x1ae ./Core/Src/stm32f0xx_hal_timebase_tim.o
 .debug_macro   0x000000000000fa65      0x1c7 ./Core/Src/stm32f0xx_it.o
 .debug_macro   0x000000000000fc2c      0x1ae ./Core/Src/system_stm32f0xx.o
 .debug_macro   0x000000000000fdda      0x1d2 ./Drivers/STM32F0xx_HAL_Driver/Src/stm32f0xx_hal.o
 .debug_macro   0x000000000000ffac      0x1ae ./Drivers/STM32F0xx_HAL_Driver/Src/stm32f0xx_hal_cortex.o
 .debug_macro   0x000000000001015a      0x1b5 ./Drivers/STM32F0xx_HAL_Driver/Src/stm32f0xx_hal_gpio.o
 .debug_macro   0x000000000001030f      0x1c0 ./Drivers/STM32F0xx_HAL_Driver/Src/stm32f0xx_hal_rcc.o
 .debug_macro   0x00000000000104cf      0x1af ./Drivers/STM32F0xx_HAL_Driver/Src/stm32f0xx_hal_tim.o
 .debug_macro   0x000000000001067e      0x1ae ./Drivers/STM32F0xx_HAL_Driver/Src/stm32f0xx_hal_tim_ex.o
 .debug_macro   0x000000000001082c      0x193 ./ThirdParty/FreeRTOS/list.o
 .debug_macro   0x00000000000109bf      0x21c ./ThirdParty/FreeRTOS/queue.o
 .debug_macro   0x0000000000010bdb       0x16 ./ThirdParty/FreeRTOS/queue.o
 .debug_macro   0x0000000000010bf1       0x20 ./ThirdParty/FreeRTOS/queue.o
 .debug_macro   0x0000000000010c11       0x80 ./ThirdParty/FreeRTOS/queue.o
 .debug_macro   0x0000000000010c91      0x27f ./ThirdParty/FreeRTOS/tasks.o
 .debug_macro   0x0000000000010f10       0x10 ./ThirdParty/FreeRTOS/tasks.o
 .debug_macro   0x0000000000010f20      0x1dc ./ThirdParty/FreeRTOS/timers.o
 .debug_macro   0x00000000000110fc       0x97 ./ThirdParty/FreeRTOS/timers.o
 .debug_macro   0x0000000000011193      0x136 ./ThirdParty/FreeRTOS/portable/GCC/ARM_CM0/port.o
 .debug_macro   0x00000000000112c9      0x1ae ./ThirdParty/FreeRTOS/portable/MemMang/heap_4.o

.debug_line     0x0000000000000000     0xf49b
 .debug_line    0x0000000000000000      0x6bc ./Core/Src/gpio.o
 .debug_line    0x00000000000006bc      0x86e ./Core/Src/main.o
 .debug_line    0x0000000000000f2a      0x6a4 ./Core/Src/stm32f0xx_hal_msp.o
 .debug_line    0x00000000000015ce      0x71e ./Core/Src/stm32f0xx_hal_timebase_tim.o
 .debug_line    0x0000000000001cec      0x6e3 ./Core/Src/stm32f0xx_it.o
 .debug_line    0x00000000000023cf      0x719 ./Core/Src/system_stm32f0xx.o
 .debug_line    0x0000000000002ae8       0x89 ./Core/Startup/startup_stm32f030cctx.o
 .debug_line    0x0000000000002b71      0x91f ./Drivers/STM32F0xx_HAL_Driver/Src/stm32f0xx_hal.o
 .debug_line    0x0000000000003490      0x9cb ./Drivers/STM32F0xx_HAL_Driver/Src/stm32f0xx_hal_cortex.o
 .debug_line    0x0000000000003e5b      0xa9c ./Drivers/STM32F0xx_HAL_Driver/Src/stm32f0xx_hal_gpio.o
 .debug_line    0x00000000000048f7      0xd10 ./Drivers/STM32F0xx_HAL_Driver/Src/stm32f0xx_hal_rcc.o
 .debug_line    0x0000000000005607     0x3601 ./Drivers/STM32F0xx_HAL_Driver/Src/stm32f0xx_hal_tim.o
 .debug_line    0x0000000000008c08     0x188b ./Drivers/STM32F0xx_HAL_Driver/Src/stm32f0xx_hal_tim_ex.o
 .debug_line    0x000000000000a493      0x6ea ./ThirdParty/FreeRTOS/list.o
 .debug_line    0x000000000000ab7d     0x1365 ./ThirdParty/FreeRTOS/queue.o
 .debug_line    0x000000000000bee2     0x1a4e ./ThirdParty/FreeRTOS/tasks.o
 .debug_line    0x000000000000d930      0xbd5 ./ThirdParty/FreeRTOS/timers.o
 .debug_line    0x000000000000e505      0x696 ./ThirdParty/FreeRTOS/portable/GCC/ARM_CM0/port.o
 .debug_line    0x000000000000eb9b      0x900 ./ThirdParty/FreeRTOS/portable/MemMang/heap_4.o

.debug_str      0x0000000000000000    0x6e6a6
 .debug_str     0x0000000000000000    0x61056 ./Core/Src/gpio.o
                                      0x612db (size before relaxing)
 .debug_str     0x0000000000061056     0x4e6a ./Core/Src/main.o
                                      0x6617a (size before relaxing)
 .debug_str     0x0000000000065ec0       0x2c ./Core/Src/stm32f0xx_hal_msp.o
                                      0x61210 (size before relaxing)
 .debug_str     0x0000000000065eec      0x26a ./Core/Src/stm32f0xx_hal_timebase_tim.o
                                      0x61956 (size before relaxing)
 .debug_str     0x0000000000066156       0x6e ./Core/Src/stm32f0xx_it.o
                                      0x616c2 (size before relaxing)
 .debug_str     0x00000000000661c4       0x95 ./Core/Src/system_stm32f0xx.o
                                      0x611d0 (size before relaxing)
 .debug_str     0x0000000000066259       0x36 ./Core/Startup/startup_stm32f030cctx.o
                                         0x52 (size before relaxing)
 .debug_str     0x000000000006628f      0x340 ./Drivers/STM32F0xx_HAL_Driver/Src/stm32f0xx_hal.o
                                      0x61779 (size before relaxing)
 .debug_str     0x00000000000665cf      0x1b5 ./Drivers/STM32F0xx_HAL_Driver/Src/stm32f0xx_hal_cortex.o
                                      0x6156a (size before relaxing)
 .debug_str     0x0000000000066784      0x128 ./Drivers/STM32F0xx_HAL_Driver/Src/stm32f0xx_hal_gpio.o
                                      0x61371 (size before relaxing)
 .debug_str     0x00000000000668ac      0x1e4 ./Drivers/STM32F0xx_HAL_Driver/Src/stm32f0xx_hal_rcc.o
                                      0x6160c (size before relaxing)
 .debug_str     0x0000000000066a90      0xe69 ./Drivers/STM32F0xx_HAL_Driver/Src/stm32f0xx_hal_tim.o
                                      0x625e6 (size before relaxing)
 .debug_str     0x00000000000678f9      0x503 ./Drivers/STM32F0xx_HAL_Driver/Src/stm32f0xx_hal_tim_ex.o
                                      0x61e02 (size before relaxing)
 .debug_str     0x0000000000067dfc     0x2fe1 ./ThirdParty/FreeRTOS/list.o
                                       0xa3dc (size before relaxing)
 .debug_str     0x000000000006addd     0x11fe ./ThirdParty/FreeRTOS/queue.o
                                       0xc86b (size before relaxing)
 .debug_str     0x000000000006bfdb     0x1a72 ./ThirdParty/FreeRTOS/tasks.o
                                       0xd43f (size before relaxing)
 .debug_str     0x000000000006da4d      0x5c1 ./ThirdParty/FreeRTOS/timers.o
                                       0xcca1 (size before relaxing)
 .debug_str     0x000000000006e00e      0x388 ./ThirdParty/FreeRTOS/portable/GCC/ARM_CM0/port.o
                                       0x8acf (size before relaxing)
 .debug_str     0x000000000006e396      0x310 ./ThirdParty/FreeRTOS/portable/MemMang/heap_4.o
                                       0xb886 (size before relaxing)

.comment        0x0000000000000000       0x50
 .comment       0x0000000000000000       0x50 ./Core/Src/gpio.o
                                         0x51 (size before relaxing)
 .comment       0x0000000000000050       0x51 ./Core/Src/main.o
 .comment       0x0000000000000050       0x51 ./Core/Src/stm32f0xx_hal_msp.o
 .comment       0x0000000000000050       0x51 ./Core/Src/stm32f0xx_hal_timebase_tim.o
 .comment       0x0000000000000050       0x51 ./Core/Src/stm32f0xx_it.o
 .comment       0x0000000000000050       0x51 ./Core/Src/system_stm32f0xx.o
 .comment       0x0000000000000050       0x51 ./Drivers/STM32F0xx_HAL_Driver/Src/stm32f0xx_hal.o
 .comment       0x0000000000000050       0x51 ./Drivers/STM32F0xx_HAL_Driver/Src/stm32f0xx_hal_cortex.o
 .comment       0x0000000000000050       0x51 ./Drivers/STM32F0xx_HAL_Driver/Src/stm32f0xx_hal_gpio.o
 .comment       0x0000000000000050       0x51 ./Drivers/STM32F0xx_HAL_Driver/Src/stm32f0xx_hal_rcc.o
 .comment       0x0000000000000050       0x51 ./Drivers/STM32F0xx_HAL_Driver/Src/stm32f0xx_hal_tim.o
 .comment       0x0000000000000050       0x51 ./Drivers/STM32F0xx_HAL_Driver/Src/stm32f0xx_hal_tim_ex.o
 .comment       0x0000000000000050       0x51 ./ThirdParty/FreeRTOS/list.o
 .comment       0x0000000000000050       0x51 ./ThirdParty/FreeRTOS/queue.o
 .comment       0x0000000000000050       0x51 ./ThirdParty/FreeRTOS/tasks.o
 .comment       0x0000000000000050       0x51 ./ThirdParty/FreeRTOS/timers.o
 .comment       0x0000000000000050       0x51 ./ThirdParty/FreeRTOS/portable/GCC/ARM_CM0/port.o
 .comment       0x0000000000000050       0x51 ./ThirdParty/FreeRTOS/portable/MemMang/heap_4.o

.debug_frame    0x0000000000000000     0x31c0
 .debug_frame   0x0000000000000000       0x30 ./Core/Src/gpio.o
 .debug_frame   0x0000000000000030       0xac ./Core/Src/main.o
 .debug_frame   0x00000000000000dc       0x30 ./Core/Src/stm32f0xx_hal_msp.o
 .debug_frame   0x000000000000010c       0x6c ./Core/Src/stm32f0xx_hal_timebase_tim.o
 .debug_frame   0x0000000000000178       0x64 ./Core/Src/stm32f0xx_it.o
 .debug_frame   0x00000000000001dc       0x4c ./Core/Src/system_stm32f0xx.o
 .debug_frame   0x0000000000000228      0x2a4 ./Drivers/STM32F0xx_HAL_Driver/Src/stm32f0xx_hal.o
 .debug_frame   0x00000000000004cc      0x2a0 ./Drivers/STM32F0xx_HAL_Driver/Src/stm32f0xx_hal_cortex.o
 .debug_frame   0x000000000000076c      0x110 ./Drivers/STM32F0xx_HAL_Driver/Src/stm32f0xx_hal_gpio.o
 .debug_frame   0x000000000000087c      0x198 ./Drivers/STM32F0xx_HAL_Driver/Src/stm32f0xx_hal_rcc.o
 .debug_frame   0x0000000000000a14      0xf00 ./Drivers/STM32F0xx_HAL_Driver/Src/stm32f0xx_hal_tim.o
 .debug_frame   0x0000000000001914      0x560 ./Drivers/STM32F0xx_HAL_Driver/Src/stm32f0xx_hal_tim_ex.o
 .debug_frame   0x0000000000001e74       0xb0 ./ThirdParty/FreeRTOS/list.o
 .debug_frame   0x0000000000001f24      0x4b0 ./ThirdParty/FreeRTOS/queue.o
 .debug_frame   0x00000000000023d4      0x798 ./ThirdParty/FreeRTOS/tasks.o
 .debug_frame   0x0000000000002b6c      0x348 ./ThirdParty/FreeRTOS/timers.o
 .debug_frame   0x0000000000002eb4      0x174 ./ThirdParty/FreeRTOS/portable/GCC/ARM_CM0/port.o
 .debug_frame   0x0000000000003028      0x104 ./ThirdParty/FreeRTOS/portable/MemMang/heap_4.o
 .debug_frame   0x000000000000312c       0x2c c:/st/stm32cubeide_1.10.0/stm32cubeide/plugins/com.st.stm32cube.ide.mcu.externaltools.gnu-tools-for-stm32.10.3-2021.10.win32_1.0.0.202111181127/tools/bin/../lib/gcc/arm-none-eabi/10.3.1/../../../../arm-none-eabi/lib/thumb/v6-m/nofp\libc_nano.a(lib_a-init.o)
 .debug_frame   0x0000000000003158       0x28 c:/st/stm32cubeide_1.10.0/stm32cubeide/plugins/com.st.stm32cube.ide.mcu.externaltools.gnu-tools-for-stm32.10.3-2021.10.win32_1.0.0.202111181127/tools/bin/../lib/gcc/arm-none-eabi/10.3.1/../../../../arm-none-eabi/lib/thumb/v6-m/nofp\libc_nano.a(lib_a-memcpy-stub.o)
 .debug_frame   0x0000000000003180       0x20 c:/st/stm32cubeide_1.10.0/stm32cubeide/plugins/com.st.stm32cube.ide.mcu.externaltools.gnu-tools-for-stm32.10.3-2021.10.win32_1.0.0.202111181127/tools/bin/../lib/gcc/arm-none-eabi/10.3.1/../../../../arm-none-eabi/lib/thumb/v6-m/nofp\libc_nano.a(lib_a-memset.o)
 .debug_frame   0x00000000000031a0       0x20 c:/st/stm32cubeide_1.10.0/stm32cubeide/plugins/com.st.stm32cube.ide.mcu.externaltools.gnu-tools-for-stm32.10.3-2021.10.win32_1.0.0.202111181127/tools/bin/../lib/gcc/arm-none-eabi/10.3.1/thumb/v6-m/nofp\libgcc.a(_udivsi3.o)
